// Jest Snapshot v1, https://goo.gl/fbAQLP

exports[`execute arbitrum network should return failure when transaction submission is unknown 1`] = `
Object {
  "data": Object {
    "result": 0,
  },
  "jobRunID": "1",
  "result": 0,
  "statusCode": 200,
}
`;

exports[`execute optimism network should return failure when transaction submission is unknown 1`] = `
Object {
  "data": Object {
    "result": 0,
  },
  "jobRunID": "1",
  "result": 0,
  "statusCode": 200,
}
`;
